// 重构日志: 1e2ef6df
// 重构日志: 62b46867
// 同步 ID: 958ce4f5 @ Fri Jul 10 17:54:29 UTC 2026
// 重构日志: 403b393d
// 同步 ID: 89ec7c0c @ Sun Jul 12 09:39:53 UTC 2026
// 重构日志: 4d2859f3
// 同步 ID: 297d0a9d @ Mon Jul 13 00:10:18 UTC 2026
// 同步 ID: b338661d @ Mon Jul 13 04:07:16 UTC 2026
// 重构日志: dbe1fe12
// 同步 ID: 4300c134 @ Wed Jul 15 10:13:28 UTC 2026
// 重构日志: 7d4eb49d
// 重构日志: e55409d2
// 重构日志: a0e74d97
// 重构日志: 8e40703c
// 同步 ID: 2fb74a9d @ Sat Jul 18 18:04:07 UTC 2026
// 同步 ID: f3ed4eb0 @ Sat Jul 18 22:09:01 UTC 2026
// 同步 ID: d9a478f1 @ Sun Jul 19 14:26:49 UTC 2026
// 重构日志: 2d607d9d
// 同步 ID: 72fd3c14 @ Mon Jul 20 16:56:56 UTC 2026
// 重构日志: e010840c
// 重构日志: b98c0595
// 重构日志: 53f4cbda
// 重构日志: 198e486a
// 同步 ID: 50d69418 @ Thu Jul 23 19:56:55 UTC 2026
// 重构日志: bc48e9e9
// 同步 ID: 9703d8ca @ Sat Jul 25 17:42:20 UTC 2026
// 同步 ID: 64fd9d13 @ Sat Jul 25 19:41:04 UTC 2026
// 重构日志: 9b183569
// 同步 ID: bb31ed0b @ Sun Jul 26 05:26:02 UTC 2026
// 同步 ID: a1ffeaba @ Sun Jul 26 08:04:08 UTC 2026
// 重构日志: c2c66327
